// Jest Snapshot v1, https://goo.gl/fbAQLP

exports[`renders demo correctly 1`] = `
<div>
  <div><button class="x-button x-button--primary x-button--large"><span class="x-button__text">显示遮罩层</span></button>
    <div class="x-overlay" style="z-index: 1; display: none;" name="x-fade"></div>
  </div>
</div>
`;
