// Jest Snapshot v1, https://goo.gl/fbAQLP

exports[`class-name prop 1`] = `<div class="x-overlay my-overlay" style="z-index: 1;" name="x-fade"></div>`;

exports[`duration prop 1`] = `<div class="x-overlay" style="z-index: 1; animation-duration: 1s;" name="x-fade"></div>`;

exports[`z-index prop 1`] = `<div class="x-overlay" style="z-index: 99;" name="x-fade"></div>`;
