// Jest Snapshot v1, https://goo.gl/fbAQLP

exports[`renders demo correctly 1`] = `
<div>
  <div>
    <div class="x-swipe">
      <div class="x-swipe__track" style="width: 400px; transition-duration: 0ms; transform: translateX(0px);">
        <div class="x-swipe-item" style="width: 100px; height: 100%; transform: translateX(0px);">1</div>
        <div class="x-swipe-item" style="width: 100px; height: 100%; transform: translateX(0px);">2</div>
        <div class="x-swipe-item" style="width: 100px; height: 100%; transform: translateX(0px);">3</div>
        <div class="x-swipe-item" style="width: 100px; height: 100%; transform: translateX(0px);">4</div>
      </div>
      <div class="x-swipe__indicators"><i class="x-swipe__indicator x-swipe__indicator--active" style="background-color: white;"></i><i class="x-swipe__indicator"></i><i class="x-swipe__indicator"></i><i class="x-swipe__indicator"></i></div>
    </div>
  </div>
  <div>
    <div class="x-swipe">
      <div class="x-swipe__track" style="width: 400px; transition-duration: 0ms; transform: translateX(0px);">
        <div class="x-swipe-item" style="width: 100px; height: 100%; transform: translateX(0px);"><img data-src="https://img.yzcdn.cn/vant/apple-1.jpg" src="data:image/gif;base64,R0lGODlhAQABAIAAAAAAAP///yH5BAEAAAAALAAAAAABAAEAAAIBRAA7" lazy="loading"></div>
        <div class="x-swipe-item" style="width: 100px; height: 100%; transform: translateX(0px);"><img data-src="https://img.yzcdn.cn/vant/apple-2.jpg" src="data:image/gif;base64,R0lGODlhAQABAIAAAAAAAP///yH5BAEAAAAALAAAAAABAAEAAAIBRAA7" lazy="loading"></div>
        <div class="x-swipe-item" style="width: 100px; height: 100%; transform: translateX(0px);"><img data-src="https://img.yzcdn.cn/vant/apple-3.jpg" src="data:image/gif;base64,R0lGODlhAQABAIAAAAAAAP///yH5BAEAAAAALAAAAAABAAEAAAIBRAA7" lazy="loading"></div>
        <div class="x-swipe-item" style="width: 100px; height: 100%; transform: translateX(0px);"><img data-src="https://img.yzcdn.cn/vant/apple-4.jpg" src="data:image/gif;base64,R0lGODlhAQABAIAAAAAAAP///yH5BAEAAAAALAAAAAABAAEAAAIBRAA7" lazy="loading"></div>
      </div>
      <div class="x-swipe__indicators"><i class="x-swipe__indicator x-swipe__indicator--active"></i><i class="x-swipe__indicator"></i><i class="x-swipe__indicator"></i><i class="x-swipe__indicator"></i></div>
    </div>
  </div>
  <div>
    <div class="x-swipe">
      <div class="x-swipe__track" style="width: 400px; transition-duration: 0ms; transform: translateX(0px);">
        <div class="x-swipe-item" style="width: 100px; height: 100%; transform: translateX(0px);">1</div>
        <div class="x-swipe-item" style="width: 100px; height: 100%; transform: translateX(0px);">2</div>
        <div class="x-swipe-item" style="width: 100px; height: 100%; transform: translateX(0px);">3</div>
        <div class="x-swipe-item" style="width: 100px; height: 100%; transform: translateX(0px);">4</div>
      </div>
      <div class="x-swipe__indicators"><i class="x-swipe__indicator x-swipe__indicator--active" style="background-color: white;"></i><i class="x-swipe__indicator"></i><i class="x-swipe__indicator"></i><i class="x-swipe__indicator"></i></div>
    </div>
  </div>
  <div>
    <div class="demo-swipe--vertical x-swipe" style="height: 200px;">
      <div class="x-swipe__track" style="height: 400px; transition-duration: 0ms; transform: translateY(0px);">
        <div class="x-swipe-item" style="width: 100px; height: 100px; transform: translateY(0px);">1</div>
        <div class="x-swipe-item" style="width: 100px; height: 100px; transform: translateY(0px);">2</div>
        <div class="x-swipe-item" style="width: 100px; height: 100px; transform: translateY(0px);">3</div>
        <div class="x-swipe-item" style="width: 100px; height: 100px; transform: translateY(0px);">4</div>
      </div>
      <div class="x-swipe__indicators x-swipe__indicators--vertical"><i class="x-swipe__indicator x-swipe__indicator--active" style="background-color: white;"></i><i class="x-swipe__indicator"></i><i class="x-swipe__indicator"></i><i class="x-swipe__indicator"></i></div>
    </div>
  </div>
  <div>
    <div class="x-swipe">
      <div class="x-swipe__track" style="width: 1200px; transition-duration: 0ms; transform: translateX(0px);">
        <div class="x-swipe-item" style="width: 300px; height: 100%; transform: translateX(0px);">1</div>
        <div class="x-swipe-item" style="width: 300px; height: 100%; transform: translateX(0px);">2</div>
        <div class="x-swipe-item" style="width: 300px; height: 100%; transform: translateX(0px);">3</div>
        <div class="x-swipe-item" style="width: 300px; height: 100%; transform: translateX(0px);">4</div>
      </div>
      <div class="x-swipe__indicators"><i class="x-swipe__indicator x-swipe__indicator--active" style="background-color: white;"></i><i class="x-swipe__indicator"></i><i class="x-swipe__indicator"></i><i class="x-swipe__indicator"></i></div>
    </div>
  </div>
  <div>
    <div class="x-swipe">
      <div class="x-swipe__track" style="width: 400px; transition-duration: 0ms; transform: translateX(0px);">
        <div class="x-swipe-item" style="width: 100px; height: 100%; transform: translateX(0px);">1</div>
        <div class="x-swipe-item" style="width: 100px; height: 100%; transform: translateX(0px);">2</div>
        <div class="x-swipe-item" style="width: 100px; height: 100%; transform: translateX(0px);">3</div>
        <div class="x-swipe-item" style="width: 100px; height: 100%; transform: translateX(0px);">4</div>
      </div>
      <div class="custom-indicator">1/4</div>
    </div>
  </div>
</div>
`;
