// Jest Snapshot v1, https://goo.gl/fbAQLP

exports[`renders demo correctly 1`] = `
<div>
  <div>
    <div class="x-row">
      <div class="x-image" style="width: 100px; height: 100px;"><img src="https://img.yzcdn.cn/vant/cat.jpeg" class="x-image__img">
        <div class="x-image__loading"><i class="x-icon x-icon-photo-o" style="font-size: 22px;"></i></div>
      </div>
    </div>
  </div>
  <div>
    <div class="x-row" gutter="20">
      <div class="x-col x-col--8">
        <div class="x-image" style="width: 100%; height: 27vw;"><img src="https://img.yzcdn.cn/vant/cat.jpeg" class="x-image__img" style="object-fit: contain;">
          <div class="x-image__loading"><i class="x-icon x-icon-photo-o" style="font-size: 22px;"></i></div>
        </div>
        <div class="text">contain</div>
      </div>
      <div class="x-col x-col--8">
        <div class="x-image" style="width: 100%; height: 27vw;"><img src="https://img.yzcdn.cn/vant/cat.jpeg" class="x-image__img" style="object-fit: cover;">
          <div class="x-image__loading"><i class="x-icon x-icon-photo-o" style="font-size: 22px;"></i></div>
        </div>
        <div class="text">cover</div>
      </div>
      <div class="x-col x-col--8">
        <div class="x-image" style="width: 100%; height: 27vw;"><img src="https://img.yzcdn.cn/vant/cat.jpeg" class="x-image__img" style="object-fit: fill;">
          <div class="x-image__loading"><i class="x-icon x-icon-photo-o" style="font-size: 22px;"></i></div>
        </div>
        <div class="text">fill</div>
      </div>
      <div class="x-col x-col--8">
        <div class="x-image" style="width: 100%; height: 27vw;"><img src="https://img.yzcdn.cn/vant/cat.jpeg" class="x-image__img" style="object-fit: none;">
          <div class="x-image__loading"><i class="x-icon x-icon-photo-o" style="font-size: 22px;"></i></div>
        </div>
        <div class="text">none</div>
      </div>
      <div class="x-col x-col--8">
        <div class="x-image" style="width: 100%; height: 27vw;"><img src="https://img.yzcdn.cn/vant/cat.jpeg" class="x-image__img" style="object-fit: scale-down;">
          <div class="x-image__loading"><i class="x-icon x-icon-photo-o" style="font-size: 22px;"></i></div>
        </div>
        <div class="text">scale-down</div>
      </div>
    </div>
  </div>
  <div>
    <div class="x-row" gutter="20">
      <div class="x-col x-col--8">
        <div class="x-image x-image--round" style="width: 100%; height: 27vw;"><img src="https://img.yzcdn.cn/vant/cat.jpeg" class="x-image__img" style="object-fit: contain;">
          <div class="x-image__loading"><i class="x-icon x-icon-photo-o" style="font-size: 22px;"></i></div>
        </div>
        <div class="text">contain</div>
      </div>
      <div class="x-col x-col--8">
        <div class="x-image x-image--round" style="width: 100%; height: 27vw;"><img src="https://img.yzcdn.cn/vant/cat.jpeg" class="x-image__img" style="object-fit: cover;">
          <div class="x-image__loading"><i class="x-icon x-icon-photo-o" style="font-size: 22px;"></i></div>
        </div>
        <div class="text">cover</div>
      </div>
      <div class="x-col x-col--8">
        <div class="x-image x-image--round" style="width: 100%; height: 27vw;"><img src="https://img.yzcdn.cn/vant/cat.jpeg" class="x-image__img" style="object-fit: fill;">
          <div class="x-image__loading"><i class="x-icon x-icon-photo-o" style="font-size: 22px;"></i></div>
        </div>
        <div class="text">fill</div>
      </div>
      <div class="x-col x-col--8">
        <div class="x-image x-image--round" style="width: 100%; height: 27vw;"><img src="https://img.yzcdn.cn/vant/cat.jpeg" class="x-image__img" style="object-fit: none;">
          <div class="x-image__loading"><i class="x-icon x-icon-photo-o" style="font-size: 22px;"></i></div>
        </div>
        <div class="text">none</div>
      </div>
      <div class="x-col x-col--8">
        <div class="x-image x-image--round" style="width: 100%; height: 27vw;"><img src="https://img.yzcdn.cn/vant/cat.jpeg" class="x-image__img" style="object-fit: scale-down;">
          <div class="x-image__loading"><i class="x-icon x-icon-photo-o" style="font-size: 22px;"></i></div>
        </div>
        <div class="text">scale-down</div>
      </div>
    </div>
  </div>
  <div>
    <div class="x-row" gutter="20">
      <div class="x-col x-col--8">
        <div class="x-image" style="width: 100%; height: 27vw;"><img class="x-image__img">
          <div class="x-image__loading"><i class="x-icon x-icon-photo-o" style="font-size: 22px;"></i></div>
        </div>
        <div class="text">默认提示</div>
      </div>
      <div class="x-col x-col--8">
        <div class="x-image" style="width: 100%; height: 27vw;"><img class="x-image__img">
          <div class="x-image__loading">
            <div class="x-loading x-loading--spinner"><span class="x-loading__spinner x-loading__spinner--spinner" style="color: rgb(201, 201, 201); width: 20px; height: 20px;"><i></i><i></i><i></i><i></i><i></i><i></i><i></i><i></i><i></i><i></i><i></i><i></i></span></div>
          </div>
        </div>
        <div class="text">自定义提示</div>
      </div>
    </div>
  </div>
  <div>
    <div class="x-row" gutter="20">
      <div class="x-col x-col--8">
        <div class="x-image" style="width: 100%; height: 27vw;"><img src="x" class="x-image__img">
          <div class="x-image__loading"><i class="x-icon x-icon-photo-o" style="font-size: 22px;"></i></div>
        </div>
        <div class="text">默认提示</div>
      </div>
      <div class="x-col x-col--8">
        <div class="x-image" style="width: 100%; height: 27vw;"><img src="x" class="x-image__img">
          <div class="x-image__loading"><i class="x-icon x-icon-photo-o" style="font-size: 22px;"></i></div>
        </div>
        <div class="text">自定义提示</div>
      </div>
    </div>
  </div>
</div>
`;
